5
1 6 54 63 65 79 95 102 103 113 125 128 129 136 139 152 159 162 163 169 197 207 213 220 227 230 253 296 325 333 344 375 385 413 420 421 428 434 441 455 459 492 510 520 528 532 538 539 559 563 567 576 586 621 642 643 653 656 665 669 681 701 725 730 746 760 761 785 792 795 848 853 856 874 883 886 896 919 935 950 953 973 979 992 998 